// Jest Snapshot v1, https://goo.gl/fbAQLP

exports[`should mount properly 1`] = `null`;
