// Jest Snapshot v1, https://goo.gl/fbAQLP

exports[`renders correctly 1`] = `
<View
  style={
    Object {
      "borderBottomColor": "#D3D3D3",
      "borderBottomWidth": 1,
      "display": "flex",
      "flex": 1,
      "marginBottom": 20,
      "marginTop": 10,
    }
  }
>
  <Text
    style={
      Object {
        "fontSize": 16,
        "marginBottom": 15,
      }
    }
  >
    Repo Name: 
    James
  </Text>
  <View
    style={
      Object {
        "display": "flex",
        "flexDirection": "row",
      }
    }
  >
    <Image
      source={
        Object {
          "uri": "https://dummyavatarurl",
        }
      }
      style={
        Object {
          "height": 58,
          "width": 66,
        }
      }
    />
    <Text
      style={
        Object {
          "marginLeft": 10,
        }
      }
    >
      Owner: 
      lambda
    </Text>
    <Text
      style={
        Object {
          "left": 450,
          "position": "absolute",
          "top": 689,
        }
      }
    >
      Stars(Star Gazers): 
      0
    </Text>
    <Text
      style={
        Object {
          "left": 450,
          "position": "absolute",
          "top": 709,
        }
      }
    >
      Fork Count: 
      89
    </Text>
  </View>
  <Text
    style={
      Object {
        "marginTop": 15,
      }
    }
  >
    Description: 
    A short repo
  </Text>
  <Text
    style={
      Object {
        "marginTop": 15,
      }
    }
  >
    Pushed At: 
    26-dec-2018
  </Text>
  <Text
    style={
      Object {
        "marginBottom": 10,
        "marginTop": 15,
      }
    }
  >
    Primary Language: 
  </Text>
  <View
    style={
      Array [
        Object {
          "alignSelf": "flex-end",
          "borderRadius": 100,
          "height": 10,
          "left": 660,
          "marginBottom": 5,
          "marginLeft": "auto",
          "padding": 5,
          "position": "absolute",
          "top": 20,
          "width": 10,
        },
        Object {
          "backgroundColor": "#FFF",
        },
      ]
    }
  />
</View>
`;
